// Jest Snapshot v1, https://goo.gl/fbAQLP

exports[`renders correctly 1`] = `
Array [
  <table>
    <tbody>
      <tr>
        <th>
          ID
        </th>
        <th>
          Name
          <span
            className="name"
            onClick={[Function]}
          />
        </th>
        <th>
          UserName
        </th>
        <th>
          Address
        </th>
        <th>
          Phone
        </th>
        <th>
          Email
          <span
            className="email"
            onClick={[Function]}
          />
        </th>
        <th>
          Website
        </th>
        <th>
          Company
        </th>
        <th>
          Action
        </th>
      </tr>
    </tbody>
  </table>,
  <div
    className="pagination_container"
  >
    <select
      className="select-item"
      id="select-item"
      onChange={[Function]}
      value="4"
    >
      <option
        value="2"
      >
        2/Page
      </option>
      <option
        value="4"
      >
        4/Page
      </option>
      <option
        value="6"
      >
        6/Page
      </option>
      <option
        value="8"
      >
        8/Page
      </option>
      <option
        value="10"
      >
        10/Page
      </option>
      <option
        value="20"
      >
        20/Page
      </option>
      <option
        value="50"
      >
        50/Page
      </option>
    </select>
    <div
      style={
        Object {
          "display": "flex",
          "margin": "0",
        }
      }
    >
      <div
        className="dataContainer"
      />
      <div
        className="pagination"
      >
        <button
          onClick={[Function]}
        >
          prev
        </button>
        <button
          onClick={[Function]}
        >
          <span>
            1
          </span>
        </button>
        <button
          onClick={[Function]}
        >
          <span>
            2
          </span>
        </button>
        <button
          onClick={[Function]}
        >
          <span>
            3
          </span>
        </button>
        <button
          onClick={[Function]}
        >
          next
        </button>
      </div>
    </div>
  </div>,
]
`;
